! bv-2 P0 Closed      Fix decoder …  1mo
+ bv-1 P1 Open        Add tree view   2h
· bv-3 P2 Open        日本語のタイトル… 
                                        
                                        
                                        
                                        
                                        
                                        
                                        