! bv-2 P0 Closed      Fix decoder panic                                         
+ bv-1 P1 Open        Add tree view  ui                                         
· bv-3 P2 Open        日本語のタイトルです                                      
                                                                                
                                                                                
                                                                                
                                                                                
                                                                                
                                                                                
                                                                                