▾ # epic P0 Open        epic                                
  ├─▾ + f1 P0 Open        feature one                       
  │ ├─  - t1 P0 Open        task a                          
  │ └─  - t2 P0 Closed      task b                          
  └─  + f2 P0 Open        feature two                       