<2   Blocked (0)             Closed (1)              1>  
     0 ready · 0 blocked     0 ready · 0 blocked         
                             ┌─────────────────────┐     
                             │· d                P0│     
                             │finished             │     
                             └─────────────────────┘     