blocked by (1)                focused (1)                   blocks (1)                    related (1)                  
┌───────────────────────────┐ ┌───────────────────────────┐ ┌───────────────────────────┐ ┌───────────────────────────┐
│- live                   P0│ │- focus                  P0│ │- waiter                 P0│ │- sibling                P0│
│live                       │ │focus                      │ │waiter                     │ │sibling                    │
└───────────────────────────┘ └───────────────────────────┘ └───────────────────────────┘ └───────────────────────────┘
                                                                                          related                      